[thegenius.co/html/finlon_new1/index.html]
[backblue.gif]
[fade.gif]
[index.html]
[thegenius.co/html/finlon_new1/assets/images/favicons/apple-touch-icon.png]
[thegenius.co/html/finlon_new1/assets/images/favicons/favicon-32x32.png]
[thegenius.co/html/finlon_new1/assets/images/favicons/favicon-16x16.png]
[thegenius.co/html/finlon_new1/assets/images/favicons/site.webmanifest]
[thegenius.co/html/finlon_new1/assets/vendors/reey-font/stylesheet.css]
[thegenius.co/html/finlon_new1/assets/vendors/bootstrap/css/bootstrap.min.css]
[thegenius.co/html/finlon_new1/assets/vendors/animate/animate.min.css]
[thegenius.co/html/finlon_new1/assets/vendors/fontawesome/css/all.min.css]
[thegenius.co/html/finlon_new1/assets/vendors/finlon-icons/style.css]
[thegenius.co/html/finlon_new1/assets/vendors/jarallax/jarallax.css]
[thegenius.co/html/finlon_new1/assets/vendors/jquery-magnific-popup/jquery.magnific-popup.css]
[thegenius.co/html/finlon_new1/assets/vendors/nouislider/nouislider.min.css]
[thegenius.co/html/finlon_new1/assets/vendors/nouislider/nouislider.pips.css]
[thegenius.co/html/finlon_new1/assets/vendors/odometer/odometer.min.css]
[thegenius.co/html/finlon_new1/assets/vendors/swiper/swiper.min.css]
[thegenius.co/html/finlon_new1/assets/vendors/owl-carousel/assets/owl.carousel.min.css]
[thegenius.co/html/finlon_new1/assets/vendors/owl-carousel/assets/owl.theme.default.min.css]
[thegenius.co/html/finlon_new1/assets/css/finlon.css]
[thegenius.co/html/finlon_new1/blog.html]
[thegenius.co/html/finlon_new1/faqs.html]
[thegenius.co/html/finlon_new1/assets/images/logo-dark.png]
[thegenius.co/html/finlon_new1/index2.html]
[thegenius.co/html/finlon_new1/index3.html]
[thegenius.co/html/finlon_new1/about.html]
[thegenius.co/html/finlon_new1/services.html]
[thegenius.co/html/finlon_new1/services-details.html]
[thegenius.co/html/finlon_new1/our-team.html]
[thegenius.co/html/finlon_new1/team-details.html]
[thegenius.co/html/finlon_new1/credit-repair.html]
[thegenius.co/html/finlon_new1/credit-audit.html]
[thegenius.co/html/finlon_new1/careers.html]
[thegenius.co/html/finlon_new1/apply-now.html]
[thegenius.co/html/finlon_new1/personal-loan-calculator.html]
[thegenius.co/html/finlon_new1/loan-eligibility.html]
[thegenius.co/html/finlon_new1/home-loan-calculator.html]
[thegenius.co/html/finlon_new1/home-loan-eligibility-calculator.html]
[thegenius.co/html/finlon_new1/compare.html]
[thegenius.co/html/finlon_new1/monthly-loan-calculator.html]
[thegenius.co/html/finlon_new1/blog-details.html]
[thegenius.co/html/finlon_new1/contact.html]
[thegenius.co/html/finlon_new1/assets/images/backgrounds/slider-1-1.png]
[thegenius.co/html/finlon_new1/assets/images/backgrounds/slider-1-2.png]
[thegenius.co/html/finlon_new1/assets/images/resources/about-4-1.png]
[thegenius.co/html/finlon_new1/assets/images/backgrounds/video-bg-1-1.jpg]
[thegenius.co/html/finlon_new1/assets/images/resources/brand-1-1.png]
[thegenius.co/html/finlon_new1/assets/images/shapes/service-h-1.png]
[thegenius.co/html/finlon_new1/assets/images/shapes/service-h-2.png]
[thegenius.co/html/finlon_new1/assets/images/shapes/service-h-3.png]
[thegenius.co/html/finlon_new1/assets/images/services/services-1-1.png]
[thegenius.co/html/finlon_new1/assets/images/services/services-1-2.png]
[thegenius.co/html/finlon_new1/assets/images/services/services-1-3.png]
[thegenius.co/html/finlon_new1/assets/images/resources/loan-calculator-1-1.png]
[thegenius.co/html/finlon_new1/assets/images/resources/testi-1-1.png]
[thegenius.co/html/finlon_new1/assets/images/resources/testi-1-2.png]
[thegenius.co/html/finlon_new1/assets/images/resources/testi-1-3.png]
[thegenius.co/html/finlon_new1/assets/images/backgrounds/benefit-bg-1-1.jpg]
[thegenius.co/html/finlon_new1/assets/images/resources/benefit-1-1.png]
[thegenius.co/html/finlon_new1/assets/images/blog/blog-1-1.png]
[thegenius.co/html/finlon_new1/assets/images/blog/blog-1-2.png]
[thegenius.co/html/finlon_new1/assets/images/blog/blog-1-3.png]
[thegenius.co/html/finlon_new1/assets/images/backgrounds/cta-2-1-bg.png]
[thegenius.co/html/finlon_new1/assets/images/logo-light.png]
[thegenius.co/html/finlon_new1/assets/vendors/jquery/jquery-3.6.0.min.js]
[thegenius.co/html/finlon_new1/assets/vendors/bootstrap/js/bootstrap.bundle.min.js]
[thegenius.co/html/finlon_new1/assets/vendors/jarallax/jarallax.min.js]
[thegenius.co/html/finlon_new1/assets/vendors/jquery-ajaxchimp/jquery.ajaxchimp.min.js]
[thegenius.co/html/finlon_new1/assets/vendors/jquery-appear/jquery.appear.min.js]
[thegenius.co/html/finlon_new1/assets/vendors/jquery-circle-progress/jquery.circle-progress.min.js]
[thegenius.co/html/finlon_new1/assets/vendors/jquery-magnific-popup/jquery.magnific-popup.min.js]
[thegenius.co/html/finlon_new1/assets/vendors/jquery-validate/jquery.validate.min.js]
[thegenius.co/html/finlon_new1/assets/vendors/nouislider/nouislider.min.js]
[thegenius.co/html/finlon_new1/assets/vendors/odometer/odometer.min.js]
[thegenius.co/html/finlon_new1/assets/vendors/swiper/swiper.min.js]
[thegenius.co/html/finlon_new1/assets/vendors/owl-carousel/owl.carousel.min.js]
[thegenius.co/html/finlon_new1/assets/vendors/wnumb/wNumb.min.js]
[thegenius.co/html/finlon_new1/assets/vendors/wow/wow.js]
[thegenius.co/html/finlon_new1/assets/vendors/isotope/isotope.js]
[thegenius.co/html/finlon_new1/assets/vendors/countdown/countdown.min.js]
[thegenius.co/html/finlon_new1/index.html]
[thegenius.co/html/finlon_new1/assets/js/finlon.js]
[thegenius.co/html/finlon_new1/assets/vendors/reey-font/reey-regular-webfont.woff2]
[thegenius.co/html/finlon_new1/assets/vendors/reey-font/reey-regular-webfont.woff]
[thegenius.co/html/finlon_new1/assets/vendors/reey-font/stylesheet.css]
[thegenius.co/html/finlon_new1/assets/vendors/bootstrap/css/bootstrap.min.css]
[thegenius.co/html/finlon_new1/assets/vendors/animate/animate.min.css]
[thegenius.co/html/finlon_new1/assets/vendors/fontawesome/webfonts/fa-brands-400.eot]
[thegenius.co/html/finlon_new1/assets/vendors/fontawesome/webfonts/fa-brands-400d41d.eot]
[thegenius.co/html/finlon_new1/assets/vendors/fontawesome/webfonts/fa-brands-400.woff2]
[thegenius.co/html/finlon_new1/assets/vendors/fontawesome/webfonts/fa-brands-400.woff]
[thegenius.co/html/finlon_new1/assets/vendors/fontawesome/webfonts/fa-brands-400.ttf]
[thegenius.co/html/finlon_new1/assets/vendors/fontawesome/webfonts/fa-regular-400.eot]
[thegenius.co/html/finlon_new1/assets/vendors/fontawesome/webfonts/fa-brands-400.svg]
[thegenius.co/html/finlon_new1/assets/vendors/fontawesome/webfonts/fa-regular-400d41d.eot]
[thegenius.co/html/finlon_new1/assets/vendors/fontawesome/webfonts/fa-regular-400.woff2]
[thegenius.co/html/finlon_new1/assets/vendors/fontawesome/webfonts/fa-regular-400.woff]
[thegenius.co/html/finlon_new1/assets/vendors/fontawesome/webfonts/fa-regular-400.ttf]
[thegenius.co/html/finlon_new1/assets/vendors/fontawesome/webfonts/fa-regular-400.svg]
[thegenius.co/html/finlon_new1/assets/vendors/fontawesome/webfonts/fa-solid-900.eot]
[thegenius.co/html/finlon_new1/assets/vendors/fontawesome/webfonts/fa-solid-900.woff2]
[thegenius.co/html/finlon_new1/assets/vendors/fontawesome/webfonts/fa-solid-900d41d.eot]
[thegenius.co/html/finlon_new1/assets/vendors/fontawesome/webfonts/fa-solid-900.woff]
[thegenius.co/html/finlon_new1/assets/vendors/fontawesome/webfonts/fa-solid-900.ttf]
[thegenius.co/html/finlon_new1/assets/vendors/fontawesome/css/all.min.css]
[thegenius.co/html/finlon_new1/assets/vendors/finlon-icons/fonts/icomoonb01f.eot]
[thegenius.co/html/finlon_new1/assets/vendors/finlon-icons/fonts/icomoonb01f.ttf]
[thegenius.co/html/finlon_new1/assets/vendors/fontawesome/webfonts/fa-solid-900.svg]
[thegenius.co/html/finlon_new1/assets/vendors/finlon-icons/fonts/icomoonb01f.woff]
[thegenius.co/html/finlon_new1/assets/vendors/finlon-icons/style.css]
[thegenius.co/html/finlon_new1/assets/vendors/jarallax/jarallax.css]
[thegenius.co/html/finlon_new1/assets/vendors/jquery-magnific-popup/jquery.magnific-popup.css]
[thegenius.co/html/finlon_new1/assets/vendors/nouislider/nouislider.min.css]
[thegenius.co/html/finlon_new1/assets/vendors/nouislider/nouislider.pips.css]
[thegenius.co/html/finlon_new1/assets/vendors/odometer/odometer.min.css]
[thegenius.co/html/finlon_new1/assets/vendors/swiper/swiper.min.css]
[thegenius.co/html/finlon_new1/assets/vendors/finlon-icons/fonts/icomoonb01f.svg]
[thegenius.co/html/finlon_new1/assets/vendors/owl-carousel/assets/owl.video.play.png]
[thegenius.co/html/finlon_new1/assets/vendors/owl-carousel/assets/owl.carousel.min.css]
[thegenius.co/html/finlon_new1/assets/vendors/owl-carousel/assets/owl.theme.default.min.css]
[thegenius.co/html/finlon_new1/assets/images/loader.png]
[thegenius.co/html/finlon_new1/assets/images/shapes/contact-info-shape-1-1.png]
[thegenius.co/html/finlon_new1/assets/images/shapes/contact-info-shape-light-1-1.png]
[thegenius.co/html/finlon_new1/assets/images/shapes/footer-bg-1-1.png]
[thegenius.co/html/finlon_new1/assets/images/shapes/contact-page-form-1-1.png]
[thegenius.co/html/finlon_new1/assets/images/shapes/faq-form-bg-1-1.png]
[thegenius.co/html/finlon_new1/assets/images/shapes/team-about-bg-1-1.png]
[thegenius.co/html/finlon_new1/assets/images/shapes/service-2-1.png]
[thegenius.co/html/finlon_new1/assets/images/shapes/service-card-5-s-1.png]
[thegenius.co/html/finlon_new1/assets/images/shapes/cta-2-shape-1.png]
[thegenius.co/html/finlon_new1/assets/images/shapes/cta-4-1.png]
[thegenius.co/html/finlon_new1/assets/images/shapes/cta-4-2.png]
[thegenius.co/html/finlon_new1/assets/images/shapes/benefit-circle-1-1.png]
[thegenius.co/html/finlon_new1/assets/images/shapes/about-4-s-1.png]
[thegenius.co/html/finlon_new1/assets/images/shapes/about-4-dot-1.png]
[thegenius.co/html/finlon_new1/assets/images/shapes/about-5-s-1.png]
[thegenius.co/html/finlon_new1/assets/images/shapes/about-5-s-2.png]
[thegenius.co/html/finlon_new1/assets/images/shapes/about-5-bg-1-1.png]
[thegenius.co/html/finlon_new1/assets/images/shapes/about-6-bg-1-1.png]
[thegenius.co/html/finlon_new1/assets/images/shapes/about-6-bg-c-1.png]
[thegenius.co/html/finlon_new1/assets/images/shapes/work-process-1-1.png]
[thegenius.co/html/finlon_new1/assets/images/backgrounds/benefit-bg-2-1.png]
[thegenius.co/html/finlon_new1/assets/images/shapes/benefit-2-circle.png]
[thegenius.co/html/finlon_new1/assets/images/shapes/fact-bg-1-1.png]
[thegenius.co/html/finlon_new1/assets/images/shapes/testi-line-1-1.png]
[thegenius.co/html/finlon_new1/assets/images/shapes/testi-line-1-1-h.png]
[thegenius.co/html/finlon_new1/assets/images/shapes/testi-bg-1-1.png]
[thegenius.co/html/finlon_new1/assets/images/shapes/testi-bg-2-1.png]
[thegenius.co/html/finlon_new1/assets/images/shapes/testi-3-map-1-1.png]
[thegenius.co/html/finlon_new1/assets/images/shapes/testi-line-2-1.png]
[thegenius.co/html/finlon_new1/assets/images/shapes/video-bg-1-2.png]
[thegenius.co/html/finlon_new1/assets/images/shapes/video-bg-1-1.png]
[thegenius.co/html/finlon_new1/assets/images/shapes/calculator-form-bubble-bg-1-1.png]
[thegenius.co/html/finlon_new1/assets/images/shapes/main-slider-t-1-1.png]
[thegenius.co/html/finlon_new1/assets/images/shapes/slider-2-s-1.png]
[thegenius.co/html/finlon_new1/assets/css/finlon.css]
[thegenius.co/html/finlon_new1/assets/images/backgrounds/page-header-bg-1-1.jpg]
[thegenius.co/html/finlon_new1/assets/images/blog/blog-1-4.png]
[thegenius.co/html/finlon_new1/assets/images/blog/blog-1-5.png]
[thegenius.co/html/finlon_new1/assets/images/blog/blog-1-6.png]
[thegenius.co/html/finlon_new1/blog.html]
[thegenius.co/html/finlon_new1/faqs.html]
[thegenius.co/html/finlon_new1/assets/images/backgrounds/slider-2-1.png]
[thegenius.co/html/finlon_new1/assets/images/backgrounds/slider-2-2.png]
[thegenius.co/html/finlon_new1/assets/images/resources/about-5-1.png]
[thegenius.co/html/finlon_new1/assets/images/resources/about-5-v-1.png]
[thegenius.co/html/finlon_new1/assets/images/resources/about-1-1.png]
[thegenius.co/html/finlon_new1/index2.html]
[thegenius.co/html/finlon_new1/assets/images/logo-light-f.png]
[thegenius.co/html/finlon_new1/assets/images/backgrounds/slider-3-1.png]
[thegenius.co/html/finlon_new1/assets/images/backgrounds/slider-3-2.png]
[thegenius.co/html/finlon_new1/assets/images/resources/about-6-1.png]
[thegenius.co/html/finlon_new1/assets/images/resources/about-6-2.png]
[thegenius.co/html/finlon_new1/assets/images/case/case-1-1.png]
[thegenius.co/html/finlon_new1/assets/images/case/case-1-2.png]
[thegenius.co/html/finlon_new1/assets/images/case/case-1-3.png]
[thegenius.co/html/finlon_new1/assets/images/case/case-1-4.png]
[thegenius.co/html/finlon_new1/assets/images/resources/testi-3-b-1.png]
[thegenius.co/html/finlon_new1/assets/images/team/team-1-1.jpg]
[thegenius.co/html/finlon_new1/assets/images/team/team-1-2.jpg]
[thegenius.co/html/finlon_new1/assets/images/team/team-1-3.jpg]
[thegenius.co/html/finlon_new1/assets/images/resources/benefit-2-1.png]
[thegenius.co/html/finlon_new1/assets/images/resources/benefit-2-2.png]
[thegenius.co/html/finlon_new1/assets/images/blog/blog-2-1.png]
[thegenius.co/html/finlon_new1/assets/images/blog/blog-2-2.png]
[thegenius.co/html/finlon_new1/assets/images/blog/blog-2-3.png]
[thegenius.co/html/finlon_new1/assets/images/backgrounds/cta-1-1-bg.jpg]
[thegenius.co/html/finlon_new1/index3.html]
[thegenius.co/html/finlon_new1/assets/images/resources/about-2-1.png]
[thegenius.co/html/finlon_new1/about.html]
[thegenius.co/html/finlon_new1/assets/images/services/services-1-4.png]
[thegenius.co/html/finlon_new1/assets/images/services/services-1-5.png]
[thegenius.co/html/finlon_new1/assets/images/services/services-1-6.png]
[thegenius.co/html/finlon_new1/services.html]
[thegenius.co/html/finlon_new1/assets/images/services/service-s-1-1.png]
[thegenius.co/html/finlon_new1/assets/images/services/service-d-1-1.png]
[thegenius.co/html/finlon_new1/assets/images/services/service-d-1-2.png]
[thegenius.co/html/finlon_new1/services-details.html]
[thegenius.co/html/finlon_new1/assets/images/team/team-1-4.jpg]
[thegenius.co/html/finlon_new1/assets/images/team/team-1-5.jpg]
[thegenius.co/html/finlon_new1/assets/images/team/team-1-6.jpg]
[thegenius.co/html/finlon_new1/our-team.html]
[thegenius.co/html/finlon_new1/assets/images/team/team-d-1-1.jpg]
[thegenius.co/html/finlon_new1/assets/images/resources/brand-2-1.png]
[thegenius.co/html/finlon_new1/team-details.html]
[thegenius.co/html/finlon_new1/assets/images/resources/about-3-1.png]
[thegenius.co/html/finlon_new1/assets/images/resources/image-2-1.png]
[thegenius.co/html/finlon_new1/assets/images/resources/image-2-2.png]
[thegenius.co/html/finlon_new1/credit-repair.html]
[thegenius.co/html/finlon_new1/assets/images/resources/info-1-1.png]
[thegenius.co/html/finlon_new1/assets/images/resources/info-1-2.png]
[thegenius.co/html/finlon_new1/assets/images/resources/info-1-3.png]
[thegenius.co/html/finlon_new1/credit-audit.html]
[thegenius.co/html/finlon_new1/assets/images/resources/career-about-1-1.jpg]
[thegenius.co/html/finlon_new1/careers.html]
[thegenius.co/html/finlon_new1/assets/vendors/jquery-ui/jquery-ui.min.css]
[thegenius.co/html/finlon_new1/assets/vendors/jquery-ui/jquery-ui.min.js]
[thegenius.co/html/finlon_new1/apply-now.html]
[thegenius.co/html/finlon_new1/assets/vendors/bootstrap-datepicker/bootstrap-datepicker.min.js]
[thegenius.co/html/finlon_new1/assets/vendors/apex-chart/apexcharts.css]
[thegenius.co/html/finlon_new1/assets/vendors/apex-chart/apexcharts.min.js]
[thegenius.co/html/finlon_new1/personal-loan-calculator.html]
[thegenius.co/html/finlon_new1/assets/js/loan-calculator.js]
[thegenius.co/html/finlon_new1/assets/vendors/highcharts/highcharts.min.js]
[thegenius.co/html/finlon_new1/loan-eligibility.html]
[thegenius.co/html/finlon_new1/assets/js/loan-eligibility.js]
[thegenius.co/html/finlon_new1/assets/vendors/bootstrap-datepicker/bootstrap-datepicker3.min.css]
[thegenius.co/html/finlon_new1/home-loan-calculator.html]
[thegenius.co/html/finlon_new1/assets/js/home-loan-calculator.js]
[code.highcharts.com/highcharts.c6.delayed]
[thegenius.co/html/finlon_new1/home-loan-eligibility-calculator.html]
[thegenius.co/html/finlon_new1/assets/js/home-eligibility-calculator.js]
[thegenius.co/html/finlon_new1/compare.html]
[thegenius.co/html/finlon_new1/monthly-loan-calculator.html]
[thegenius.co/html/finlon_new1/assets/js/compare-calculator.js]
[thegenius.co/html/finlon_new1/assets/images/blog/blog-d-1-1.jpg]
[thegenius.co/html/finlon_new1/assets/images/blog/blog-author-1-1.jpg]
[thegenius.co/html/finlon_new1/assets/images/blog/blog-comment-1-1.jpg]
[thegenius.co/html/finlon_new1/assets/images/blog/blog-comment-1-2.jpg]
[thegenius.co/html/finlon_new1/assets/images/blog/lp-1-1.jpg]
[thegenius.co/html/finlon_new1/assets/images/blog/lp-1-2.jpg]
[thegenius.co/html/finlon_new1/assets/images/blog/lp-1-3.jpg]
[thegenius.co/html/finlon_new1/blog-details.html]
[thegenius.co/html/finlon_new1/contact.html]
[thegenius.co/html/finlon_new1/assets/vendors/fontawesome/webfonts/fa-brands-400.svg]
[thegenius.co/html/finlon_new1/assets/vendors/fontawesome/webfonts/fa-regular-400.svg]
[thegenius.co/html/finlon_new1/assets/vendors/fontawesome/webfonts/fa-solid-900.svg]
[thegenius.co/html/finlon_new1/assets/vendors/finlon-icons/fonts/icomoonb01f.svg]
[thegenius.co/html/finlon_new1/loan-calculator.html]
[thegenius.co/html/finlon_new1/assets/vendors/jquery-ui/jquery-ui.min.css]
[thegenius.co/html/finlon_new1/assets/vendors/apex-chart/apexcharts.css]
[thegenius.co/html/finlon_new1/assets/vendors/bootstrap-datepicker/bootstrap-datepicker3.min.css]
[code.highcharts.com/highcharts.html]
[thegenius.co/html/finlon_new1/assets/vendors/jquery-ui/images/ui-icons_444444_256x240.html]
[thegenius.co/html/finlon_new1/assets/vendors/jquery-ui/images/ui-icons_555555_256x240.html]
[thegenius.co/html/finlon_new1/assets/vendors/jquery-ui/images/ui-icons_ffffff_256x240.html]
[thegenius.co/html/finlon_new1/assets/vendors/jquery-ui/images/ui-icons_777620_256x240.html]
[thegenius.co/html/finlon_new1/assets/vendors/jquery-ui/images/ui-icons_cc0000_256x240.html]
[thegenius.co/html/finlon_new1/assets/vendors/jquery-ui/images/ui-icons_777777_256x240.html]
